// Vitest Snapshot v1, https://vitest.dev/guide/snapshot.html

exports[`should render icon correctly: <CheckIcon /> 1`] = `
<DocumentFragment>
  <svg
    focusable="false"
    style="font-size: 20px; margin-inline-end: 8px; user-select: none; width: 1em; height: 1em; display: inline-block; fill: currentColor; flex-shrink: 0;"
    viewBox="0 0 24 24"
  >
    <path
      d="M12 2C6.5 2 2 6.5 2 12S6.5 22 12 22 22 17.5 22 12 17.5 2 12 2M10 17L5 12L6.41
        10.59L10 14.17L17.59 6.58L19 8L10 17Z"
    />
  </svg>
</DocumentFragment>
`;

exports[`should render icon correctly: <ErrorIcon /> 1`] = `
<DocumentFragment>
  <svg
    focusable="false"
    style="font-size: 20px; margin-inline-end: 8px; user-select: none; width: 1em; height: 1em; display: inline-block; fill: currentColor; flex-shrink: 0;"
    viewBox="0 0 24 24"
  >
    <path
      d="M12,2C17.53,2 22,6.47 22,12C22,17.53 17.53,22 12,22C6.47,22 2,17.53 2,12C2,
        6.47 6.47,2 12,2M15.59,7L12,10.59L8.41,7L7,8.41L10.59,12L7,15.59L8.41,17L12,
        13.41L15.59,17L17,15.59L13.41,12L17,8.41L15.59,7Z"
    />
  </svg>
</DocumentFragment>
`;

exports[`should render icon correctly: <InfoIcon /> 1`] = `
<DocumentFragment>
  <svg
    focusable="false"
    style="font-size: 20px; margin-inline-end: 8px; user-select: none; width: 1em; height: 1em; display: inline-block; fill: currentColor; flex-shrink: 0;"
    viewBox="0 0 24 24"
  >
    <path
      d="M13,9H11V7H13M13,17H11V11H13M12,2A10,10 0 0,0 2,12A10,10 0 0,0 12,22A10,10 0 0,
        0 22,12A10,10 0 0,0 12,2Z"
    />
  </svg>
</DocumentFragment>
`;

exports[`should render icon correctly: <WarningIcon /> 1`] = `
<DocumentFragment>
  <svg
    focusable="false"
    style="font-size: 20px; margin-inline-end: 8px; user-select: none; width: 1em; height: 1em; display: inline-block; fill: currentColor; flex-shrink: 0;"
    viewBox="0 0 24 24"
  >
    <path
      d="M13,14H11V10H13M13,18H11V16H13M1,21H23L12,2L1,21Z"
    />
  </svg>
</DocumentFragment>
`;
